one.example.com:
  groups: []
three.example.com:
  nornir_host: 192.0.2.50
  nornir_ssh_port: 5555
  groups: []
two.example.com:
  groups: []
  my_var: from_hostfile
